Archive member included to satisfy reference by file (symbol)

c:/st/stm32cubeide_1.0.2/stm32cubeide/plugins/com.st.stm32cube.ide.mcu.externaltools.gnu-tools-for-stm32.7-2018-q2-update.win32_1.0.0.201904181610/tools/bin/../lib/gcc/arm-none-eabi/7.3.1/../../../../arm-none-eabi/lib/thumb/v7e-m/fpv4-sp/hard\libc_nano.a(lib_a-errno.o)
                              Src/syscalls.o (__errno)
c:/st/stm32cubeide_1.0.2/stm32cubeide/plugins/com.st.stm32cube.ide.mcu.externaltools.gnu-tools-for-stm32.7-2018-q2-update.win32_1.0.0.201904181610/tools/bin/../lib/gcc/arm-none-eabi/7.3.1/../../../../arm-none-eabi/lib/thumb/v7e-m/fpv4-sp/hard\libc_nano.a(lib_a-exit.o)
                              c:/st/stm32cubeide_1.0.2/stm32cubeide/plugins/com.st.stm32cube.ide.mcu.externaltools.gnu-tools-for-stm32.7-2018-q2-update.win32_1.0.0.201904181610/tools/bin/../lib/gcc/arm-none-eabi/7.3.1/../../../../arm-none-eabi/lib/thumb/v7e-m/fpv4-sp/hard/crt0.o (exit)
c:/st/stm32cubeide_1.0.2/stm32cubeide/plugins/com.st.stm32cube.ide.mcu.externaltools.gnu-tools-for-stm32.7-2018-q2-update.win32_1.0.0.201904181610/tools/bin/../lib/gcc/arm-none-eabi/7.3.1/../../../../arm-none-eabi/lib/thumb/v7e-m/fpv4-sp/hard\libc_nano.a(lib_a-impure.o)
                              c:/st/stm32cubeide_1.0.2/stm32cubeide/plugins/com.st.stm32cube.ide.mcu.externaltools.gnu-tools-for-stm32.7-2018-q2-update.win32_1.0.0.201904181610/tools/bin/../lib/gcc/arm-none-eabi/7.3.1/../../../../arm-none-eabi/lib/thumb/v7e-m/fpv4-sp/hard\libc_nano.a(lib_a-exit.o) (_global_impure_ptr)
c:/st/stm32cubeide_1.0.2/stm32cubeide/plugins/com.st.stm32cube.ide.mcu.externaltools.gnu-tools-for-stm32.7-2018-q2-update.win32_1.0.0.201904181610/tools/bin/../lib/gcc/arm-none-eabi/7.3.1/../../../../arm-none-eabi/lib/thumb/v7e-m/fpv4-sp/hard\libc_nano.a(lib_a-init.o)
                              c:/st/stm32cubeide_1.0.2/stm32cubeide/plugins/com.st.stm32cube.ide.mcu.externaltools.gnu-tools-for-stm32.7-2018-q2-update.win32_1.0.0.201904181610/tools/bin/../lib/gcc/arm-none-eabi/7.3.1/../../../../arm-none-eabi/lib/thumb/v7e-m/fpv4-sp/hard/crt0.o (__libc_init_array)
c:/st/stm32cubeide_1.0.2/stm32cubeide/plugins/com.st.stm32cube.ide.mcu.externaltools.gnu-tools-for-stm32.7-2018-q2-update.win32_1.0.0.201904181610/tools/bin/../lib/gcc/arm-none-eabi/7.3.1/../../../../arm-none-eabi/lib/thumb/v7e-m/fpv4-sp/hard\libc_nano.a(lib_a-memset.o)
                              c:/st/stm32cubeide_1.0.2/stm32cubeide/plugins/com.st.stm32cube.ide.mcu.externaltools.gnu-tools-for-stm32.7-2018-q2-update.win32_1.0.0.201904181610/tools/bin/../lib/gcc/arm-none-eabi/7.3.1/../../../../arm-none-eabi/lib/thumb/v7e-m/fpv4-sp/hard/crt0.o (memset)

Discarded input sections

 .text          0x0000000000000000        0x0 c:/st/stm32cubeide_1.0.2/stm32cubeide/plugins/com.st.stm32cube.ide.mcu.externaltools.gnu-tools-for-stm32.7-2018-q2-update.win32_1.0.0.201904181610/tools/bin/../lib/gcc/arm-none-eabi/7.3.1/thumb/v7e-m/fpv4-sp/hard/crti.o
 .data          0x0000000000000000        0x0 c:/st/stm32cubeide_1.0.2/stm32cubeide/plugins/com.st.stm32cube.ide.mcu.externaltools.gnu-tools-for-stm32.7-2018-q2-update.win32_1.0.0.201904181610/tools/bin/../lib/gcc/arm-none-eabi/7.3.1/thumb/v7e-m/fpv4-sp/hard/crti.o
 .bss           0x0000000000000000        0x0 c:/st/stm32cubeide_1.0.2/stm32cubeide/plugins/com.st.stm32cube.ide.mcu.externaltools.gnu-tools-for-stm32.7-2018-q2-update.win32_1.0.0.201904181610/tools/bin/../lib/gcc/arm-none-eabi/7.3.1/thumb/v7e-m/fpv4-sp/hard/crti.o
 .data          0x0000000000000000        0x4 c:/st/stm32cubeide_1.0.2/stm32cubeide/plugins/com.st.stm32cube.ide.mcu.externaltools.gnu-tools-for-stm32.7-2018-q2-update.win32_1.0.0.201904181610/tools/bin/../lib/gcc/arm-none-eabi/7.3.1/thumb/v7e-m/fpv4-sp/hard/crtbegin.o
 .text          0x0000000000000000       0x74 c:/st/stm32cubeide_1.0.2/stm32cubeide/plugins/com.st.stm32cube.ide.mcu.externaltools.gnu-tools-for-stm32.7-2018-q2-update.win32_1.0.0.201904181610/tools/bin/../lib/gcc/arm-none-eabi/7.3.1/../../../../arm-none-eabi/lib/thumb/v7e-m/fpv4-sp/hard/crt0.o
 .data          0x0000000000000000        0x0 c:/st/stm32cubeide_1.0.2/stm32cubeide/plugins/com.st.stm32cube.ide.mcu.externaltools.gnu-tools-for-stm32.7-2018-q2-update.win32_1.0.0.201904181610/tools/bin/../lib/gcc/arm-none-eabi/7.3.1/../../../../arm-none-eabi/lib/thumb/v7e-m/fpv4-sp/hard/crt0.o
 .bss           0x0000000000000000        0x0 c:/st/stm32cubeide_1.0.2/stm32cubeide/plugins/com.st.stm32cube.ide.mcu.externaltools.gnu-tools-for-stm32.7-2018-q2-update.win32_1.0.0.201904181610/tools/bin/../lib/gcc/arm-none-eabi/7.3.1/../../../../arm-none-eabi/lib/thumb/v7e-m/fpv4-sp/hard/crt0.o
 .ARM.extab     0x0000000000000000        0x0 c:/st/stm32cubeide_1.0.2/stm32cubeide/plugins/com.st.stm32cube.ide.mcu.externaltools.gnu-tools-for-stm32.7-2018-q2-update.win32_1.0.0.201904181610/tools/bin/../lib/gcc/arm-none-eabi/7.3.1/../../../../arm-none-eabi/lib/thumb/v7e-m/fpv4-sp/hard/crt0.o
[...]
Memory Configuration

Name             Origin             Length             Attributes
CCMRAM           0x0000000010000000 0x0000000000001000 xrw
RAM              0x0000000020000000 0x0000000000003000 xrw
FLASH            0x0000000008000000 0x0000000000010000 xr
*default*        0x0000000000000000 0xffffffffffffffff

Linker script and memory map

LOAD c:/st/stm32cubeide_1.0.2/stm32cubeide/plugins/com.st.stm32cube.ide.mcu.externaltools.gnu-tools-for-stm32.7-2018-q2-update.win32_1.0.0.201904181610/tools/bin/../lib/gcc/arm-none-eabi/7.3.1/thumb/v7e-m/fpv4-sp/hard/crti.o
LOAD c:/st/stm32cubeide_1.0.2/stm32cubeide/plugins/com.st.stm32cube.ide.mcu.externaltools.gnu-tools-for-stm32.7-2018-q2-update.win32_1.0.0.201904181610/tools/bin/../lib/gcc/arm-none-eabi/7.3.1/thumb/v7e-m/fpv4-sp/hard/crtbegin.o
LOAD c:/st/stm32cubeide_1.0.2/stm32cubeide/plugins/com.st.stm32cube.ide.mcu.externaltools.gnu-tools-for-stm32.7-2018-q2-update.win32_1.0.0.201904181610/tools/bin/../lib/gcc/arm-none-eabi/7.3.1/../../../../arm-none-eabi/lib/thumb/v7e-m/fpv4-sp/hard/crt0.o
LOAD Drivers/STM32F3xx_HAL_Driver/Src/stm32f3xx_ll_dma.o
LOAD Drivers/STM32F3xx_HAL_Driver/Src/stm32f3xx_ll_exti.o
LOAD Drivers/STM32F3xx_HAL_Driver/Src/stm32f3xx_ll_gpio.o
LOAD Drivers/STM32F3xx_HAL_Driver/Src/stm32f3xx_ll_rcc.o
LOAD Drivers/STM32F3xx_HAL_Driver/Src/stm32f3xx_ll_tim.o
LOAD Drivers/STM32F3xx_HAL_Driver/Src/stm32f3xx_ll_usart.o
LOAD Drivers/STM32F3xx_HAL_Driver/Src/stm32f3xx_ll_utils.o
LOAD Src/gpio.o
LOAD Src/main.o
LOAD Src/moves.o
LOAD Src/stm32f3xx_it.o
LOAD Src/syscalls.o
LOAD Src/sysmem.o
LOAD Src/system_stm32f3xx.o
LOAD Src/tim.o
LOAD Src/usart.o
LOAD Startup/startup_stm32f303k8tx.o
START GROUP
LOAD c:/st/stm32cubeide_1.0.2/stm32cubeide/plugins/com.st.stm32cube.ide.mcu.externaltools.gnu-tools-for-stm32.7-2018-q2-update.win32_1.0.0.201904181610/tools/bin/../lib/gcc/arm-none-eabi/7.3.1/../../../../arm-none-eabi/lib/thumb/v7e-m/fpv4-sp/hard\libc_nano.a
LOAD c:/st/stm32cubeide_1.0.2/stm32cubeide/plugins/com.st.stm32cube.ide.mcu.externaltools.gnu-tools-for-stm32.7-2018-q2-update.win32_1.0.0.201904181610/tools/bin/../lib/gcc/arm-none-eabi/7.3.1/../../../../arm-none-eabi/lib/thumb/v7e-m/fpv4-sp/hard\libm.a
END GROUP
START GROUP
LOAD c:/st/stm32cubeide_1.0.2/stm32cubeide/plugins/com.st.stm32cube.ide.mcu.externaltools.gnu-tools-for-stm32.7-2018-q2-update.win32_1.0.0.201904181610/tools/bin/../lib/gcc/arm-none-eabi/7.3.1/thumb/v7e-m/fpv4-sp/hard\libgcc.a
LOAD c:/st/stm32cubeide_1.0.2/stm32cubeide/plugins/com.st.stm32cube.ide.mcu.externaltools.gnu-tools-for-stm32.7-2018-q2-update.win32_1.0.0.201904181610/tools/bin/../lib/gcc/arm-none-eabi/7.3.1/../../../../arm-none-eabi/lib/thumb/v7e-m/fpv4-sp/hard\libc_nano.a
END GROUP
START GROUP
LOAD c:/st/stm32cubeide_1.0.2/stm32cubeide/plugins/com.st.stm32cube.ide.mcu.externaltools.gnu-tools-for-stm32.7-2018-q2-update.win32_1.0.0.201904181610/tools/bin/../lib/gcc/arm-none-eabi/7.3.1/thumb/v7e-m/fpv4-sp/hard\libgcc.a
LOAD c:/st/stm32cubeide_1.0.2/stm32cubeide/plugins/com.st.stm32cube.ide.mcu.externaltools.gnu-tools-for-stm32.7-2018-q2-update.win32_1.0.0.201904181610/tools/bin/../lib/gcc/arm-none-eabi/7.3.1/../../../../arm-none-eabi/lib/thumb/v7e-m/fpv4-sp/hard\libc_nano.a
LOAD c:/st/stm32cubeide_1.0.2/stm32cubeide/plugins/com.st.stm32cube.ide.mcu.externaltools.gnu-tools-for-stm32.7-2018-q2-update.win32_1.0.0.201904181610/tools/bin/../lib/gcc/arm-none-eabi/7.3.1/../../../../arm-none-eabi/lib/thumb/v7e-m/fpv4-sp/hard\libnosys.a
END GROUP
START GROUP
LOAD c:/st/stm32cubeide_1.0.2/stm32cubeide/plugins/com.st.stm32cube.ide.mcu.externaltools.gnu-tools-for-stm32.7-2018-q2-update.win32_1.0.0.201904181610/tools/bin/../lib/gcc/arm-none-eabi/7.3.1/thumb/v7e-m/fpv4-sp/hard\libgcc.a
LOAD c:/st/stm32cubeide_1.0.2/stm32cubeide/plugins/com.st.stm32cube.ide.mcu.externaltools.gnu-tools-for-stm32.7-2018-q2-update.win32_1.0.0.201904181610/tools/bin/../lib/gcc/arm-none-eabi/7.3.1/../../../../arm-none-eabi/lib/thumb/v7e-m/fpv4-sp/hard\libc_nano.a
LOAD c:/st/stm32cubeide_1.0.2/stm32cubeide/plugins/com.st.stm32cube.ide.mcu.externaltools.gnu-tools-for-stm32.7-2018-q2-update.win32_1.0.0.201904181610/tools/bin/../lib/gcc/arm-none-eabi/7.3.1/../../../../arm-none-eabi/lib/thumb/v7e-m/fpv4-sp/hard\libnosys.a
END GROUP
LOAD c:/st/stm32cubeide_1.0.2/stm32cubeide/plugins/com.st.stm32cube.ide.mcu.externaltools.gnu-tools-for-stm32.7-2018-q2-update.win32_1.0.0.201904181610/tools/bin/../lib/gcc/arm-none-eabi/7.3.1/thumb/v7e-m/fpv4-sp/hard/crtend.o
LOAD c:/st/stm32cubeide_1.0.2/stm32cubeide/plugins/com.st.stm32cube.ide.mcu.externaltools.gnu-tools-for-stm32.7-2018-q2-update.win32_1.0.0.201904181610/tools/bin/../lib/gcc/arm-none-eabi/7.3.1/thumb/v7e-m/fpv4-sp/hard/crtn.o
                0x0000000020003000                _estack = 0x20003000
                0x0000000000000200                _Min_Heap_Size = 0x200
                0x0000000000000400                _Min_Stack_Size = 0x400

.isr_vector     0x0000000008000000      0x188
                0x0000000008000000                . = ALIGN (0x4)
 *(.isr_vector)
 .isr_vector    0x0000000008000000      0x188 Startup/startup_stm32f303k8tx.o
                0x0000000008000000                g_pfnVectors
                0x0000000008000188                . = ALIGN (0x4)

.text           0x0000000008000188     0x2368
                0x0000000008000188                . = ALIGN (0x4)
 *(.text)
 .text          0x0000000008000188       0x40 c:/st/stm32cubeide_1.0.2/stm32cubeide/plugins/com.st.stm32cube.ide.mcu.externaltools.gnu-tools-for-stm32.7-2018-q2-update.win32_1.0.0.201904181610/tools/bin/../lib/gcc/arm-none-eabi/7.3.1/thumb/v7e-m/fpv4-sp/hard/crtbegin.o
 *(.text*)
 .text.LL_GPIO_SetPinMode
                0x00000000080001c8       0x5a Drivers/STM32F3xx_HAL_Driver/Src/stm32f3xx_ll_gpio.o
 .text.LL_GPIO_SetPinOutputType
                0x0000000008000222       0x30 Drivers/STM32F3xx_HAL_Driver/Src/stm32f3xx_ll_gpio.o
 .text.LL_GPIO_SetPinSpeed
                0x0000000008000252       0x5a Drivers/STM32F3xx_HAL_Driver/Src/stm32f3xx_ll_gpio.o
 .text.LL_GPIO_SetPinPull
                0x00000000080002ac       0x5a Drivers/STM32F3xx_HAL_Driver/Src/stm32f3xx_ll_gpio.o
 .text.LL_GPIO_SetAFPin_0_7
                0x0000000008000306       0x5a Drivers/STM32F3xx_HAL_Driver/Src/stm32f3xx_ll_gpio.o
 .text.LL_GPIO_SetAFPin_8_15
                0x0000000008000360       0x5e Drivers/STM32F3xx_HAL_Driver/Src/stm32f3xx_ll_gpio.o
 .text.LL_GPIO_Init
                0x00000000080003be       0xf4 Drivers/STM32F3xx_HAL_Driver/Src/stm32f3xx_ll_gpio.o
                0x00000000080003be                LL_GPIO_Init
 *fill*         0x00000000080004b2        0x2 
 .text.LL_RCC_HSI_IsReady
                0x00000000080004b4       0x24 Drivers/STM32F3xx_HAL_Driver/Src/stm32f3xx_ll_rcc.o
 .text.LL_RCC_LSE_IsReady
                0x00000000080004d8       0x24 Drivers/STM32F3xx_HAL_Driver/Src/stm32f3xx_ll_rcc.o
 .text.LL_RCC_GetSysClkSource
                0x00000000080004fc       0x1c Drivers/STM32F3xx_HAL_Driver/Src/stm32f3xx_ll_rcc.o
 .text.LL_RCC_GetAHBPrescaler
                0x0000000008000518       0x1c Drivers/STM32F3xx_HAL_Driver/Src/stm32f3xx_ll_rcc.o
 .text.LL_RCC_GetAPB1Prescaler
                0x0000000008000534       0x1c Drivers/STM32F3xx_HAL_Driver/Src/stm32f3xx_ll_rcc.o
 .text.LL_RCC_GetAPB2Prescaler
                0x0000000008000550       0x1c Drivers/STM32F3xx_HAL_Driver/Src/stm32f3xx_ll_rcc.o
 .text.LL_RCC_GetUSARTClockSource
                0x000000000800056c       0x2c Drivers/STM32F3xx_HAL_Driver/Src/stm32f3xx_ll_rcc.o
 .text.LL_RCC_PLL_GetMainSource
                0x0000000008000598       0x1c Drivers/STM32F3xx_HAL_Driver/Src/stm32f3xx_ll_rcc.o
 .text.LL_RCC_PLL_GetMultiplicator
                0x00000000080005b4       0x1c Drivers/STM32F3xx_HAL_Driver/Src/stm32f3xx_ll_rcc.o
 .text.LL_RCC_PLL_GetPrediv
                0x00000000080005d0       0x1c Drivers/STM32F3xx_HAL_Driver/Src/stm32f3xx_ll_rcc.o
 .text.LL_RCC_GetSystemClocksFreq
                0x00000000080005ec       0x4a Drivers/STM32F3xx_HAL_Driver/Src/stm32f3xx_ll_rcc.o
                0x00000000080005ec                LL_RCC_GetSystemClocksFreq
 *fill*         0x0000000008000636        0x2 
 .text.LL_RCC_GetUSARTClockFreq
                0x0000000008000638       0x80 Drivers/STM32F3xx_HAL_Driver/Src/stm32f3xx_ll_rcc.o
                0x0000000008000638                LL_RCC_GetUSARTClockFreq
 .text.RCC_GetSystemClockFreq
                0x00000000080006b8       0x44 Drivers/STM32F3xx_HAL_Driver/Src/stm32f3xx_ll_rcc.o
                0x00000000080006b8                RCC_GetSystemClockFreq
 .text.RCC_GetHCLKClockFreq
                0x00000000080006fc       0x2c Drivers/STM32F3xx_HAL_Driver/Src/stm32f3xx_ll_rcc.o
                0x00000000080006fc                RCC_GetHCLKClockFreq
 .text.RCC_GetPCLK1ClockFreq
                0x0000000008000728       0x28 Drivers/STM32F3xx_HAL_Driver/Src/stm32f3xx_ll_rcc.o
                0x0000000008000728                RCC_GetPCLK1ClockFreq
 .text.RCC_GetPCLK2ClockFreq
                0x0000000008000750       0x28 Drivers/STM32F3xx_HAL_Driver/Src/stm32f3xx_ll_rcc.o
                0x0000000008000750                RCC_GetPCLK2ClockFreq
 .text.RCC_PLL_GetFreqDomain_SYS
                0x0000000008000778       0x78 Drivers/STM32F3xx_HAL_Driver/Src/stm32f3xx_ll_rcc.o
                0x0000000008000778                RCC_PLL_GetFreqDomain_SYS
 .text.LL_TIM_SetPrescaler
                0x00000000080007f0       0x1c Drivers/STM32F3xx_HAL_Driver/Src/stm32f3xx_ll_tim.o
 .text.LL_TIM_SetAutoReload
                0x000000000800080c       0x1c Drivers/STM32F3xx_HAL_Driver/Src/stm32f3xx_ll_tim.o
 .text.LL_TIM_SetRepetitionCounter
                0x0000000008000828       0x1c Drivers/STM32F3xx_HAL_Driver/Src/stm32f3xx_ll_tim.o
 .text.LL_TIM_OC_SetCompareCH1
                0x0000000008000844       0x1c Drivers/STM32F3xx_HAL_Driver/Src/stm32f3xx_ll_tim.o
 .text.LL_TIM_OC_SetCompareCH2
                0x0000000008000860       0x1c Drivers/STM32F3xx_HAL_Driver/Src/stm32f3xx_ll_tim.o
 .text.LL_TIM_OC_SetCompareCH3
                0x000000000800087c       0x1c Drivers/STM32F3xx_HAL_Driver/Src/stm32f3xx_ll_tim.o
 .text.LL_TIM_OC_SetCompareCH4
                0x0000000008000898       0x1c Drivers/STM32F3xx_HAL_Driver/Src/stm32f3xx_ll_tim.o
 .text.LL_TIM_OC_SetCompareCH5
                0x00000000080008b4       0x1c Drivers/STM32F3xx_HAL_Driver/Src/stm32f3xx_ll_tim.o
 .text.LL_TIM_OC_SetCompareCH6
                0x00000000080008d0       0x1c Drivers/STM32F3xx_HAL_Driver/Src/stm32f3xx_ll_tim.o
 .text.LL_TIM_GenerateEvent_UPDATE
                0x00000000080008ec       0x20 Drivers/STM32F3xx_HAL_Driver/Src/stm32f3xx_ll_tim.o
 .text.LL_TIM_Init
                0x000000000800090c       0xe8 Drivers/STM32F3xx_HAL_Driver/Src/stm32f3xx_ll_tim.o
                0x000000000800090c                LL_TIM_Init
 .text.LL_TIM_OC_Init
                0x00000000080009f4       0x9a Drivers/STM32F3xx_HAL_Driver/Src/stm32f3xx_ll_tim.o
                0x00000000080009f4                LL_TIM_OC_Init
 *fill*         0x0000000008000a8e        0x2 
 .text.OC1Config
                0x0000000008000a90      0x100 Drivers/STM32F3xx_HAL_Driver/Src/stm32f3xx_ll_tim.o
 .text.OC2Config
                0x0000000008000b90      0x108 Drivers/STM32F3xx_HAL_Driver/Src/stm32f3xx_ll_tim.o
 .text.OC3Config
                0x0000000008000c98      0x108 Drivers/STM32F3xx_HAL_Driver/Src/stm32f3xx_ll_tim.o
 .text.OC4Config
                0x0000000008000da0       0xd8 Drivers/STM32F3xx_HAL_Driver/Src/stm32f3xx_ll_tim.o
 .text.OC5Config
                0x0000000008000e78       0xc4 Drivers/STM32F3xx_HAL_Driver/Src/stm32f3xx_ll_tim.o
 .text.OC6Config
                0x0000000008000f3c       0xc4 Drivers/STM32F3xx_HAL_Driver/Src/stm32f3xx_ll_tim.o
 .text.LL_USART_IsEnabled
                0x0000000008001000       0x26 Drivers/STM32F3xx_HAL_Driver/Src/stm32f3xx_ll_usart.o
 .text.LL_USART_SetStopBitsLength
                0x0000000008001026       0x26 Drivers/STM32F3xx_HAL_Driver/Src/stm32f3xx_ll_usart.o
 .text.LL_USART_SetHWFlowCtrl
                0x000000000800104c       0x26 Drivers/STM32F3xx_HAL_Driver/Src/stm32f3xx_ll_usart.o
 .text.LL_USART_SetBaudRate
                0x0000000008001072       0x64 Drivers/STM32F3xx_HAL_Driver/Src/stm32f3xx_ll_usart.o
 *fill*         0x00000000080010d6        0x2 
 .text.LL_USART_Init
                0x00000000080010d8       0xd8 Drivers/STM32F3xx_HAL_Driver/Src/stm32f3xx_ll_usart.o
                0x00000000080010d8                LL_USART_Init
 .text.LL_InitTick
                0x00000000080011b0       0x34 Drivers/STM32F3xx_HAL_Driver/Src/stm32f3xx_ll_utils.o
 .text.LL_Init1msTick
                0x00000000080011e4       0x1a Drivers/STM32F3xx_HAL_Driver/Src/stm32f3xx_ll_utils.o
                0x00000000080011e4                LL_Init1msTick
 *fill*         0x00000000080011fe        0x2 
 .text.LL_mDelay
                0x0000000008001200       0x48 Drivers/STM32F3xx_HAL_Driver/Src/stm32f3xx_ll_utils.o
                0x0000000008001200                LL_mDelay
 .text.LL_SetSystemCoreClock
                0x0000000008001248       0x20 Drivers/STM32F3xx_HAL_Driver/Src/stm32f3xx_ll_utils.o
                0x0000000008001248                LL_SetSystemCoreClock
 .text.LL_AHB1_GRP1_EnableClock
                0x0000000008001268       0x30 Src/gpio.o
 .text.MX_GPIO_Init
                0x0000000008001298       0x18 Src/gpio.o
                0x0000000008001298                MX_GPIO_Init
 .text.NVIC_SetPriorityGrouping
                0x00000000080012b0       0x48 Src/main.o
 .text.LL_RCC_HSI_Enable
                0x00000000080012f8       0x20 Src/main.o
 .text.LL_RCC_HSI_IsReady
                0x0000000008001318       0x24 Src/main.o
 .text.LL_RCC_HSI_SetCalibTrimming
                0x000000000800133c       0x2c Src/main.o
 .text.LL_RCC_SetSysClkSource
                0x0000000008001368       0x28 Src/main.o
 .text.LL_RCC_GetSysClkSource
                0x0000000008001390       0x1c Src/main.o
 .text.LL_RCC_SetAHBPrescaler
                0x00000000080013ac       0x28 Src/main.o
 .text.LL_RCC_SetAPB1Prescaler
                0x00000000080013d4       0x28 Src/main.o
 .text.LL_RCC_SetAPB2Prescaler
                0x00000000080013fc       0x28 Src/main.o
 .text.LL_RCC_SetUSARTClockSource
                0x0000000008001424       0x38 Src/main.o
 .text.LL_APB1_GRP1_EnableClock
                0x000000000800145c       0x30 Src/main.o
 .text.LL_APB2_GRP1_EnableClock
                0x000000000800148c       0x30 Src/main.o
 .text.LL_FLASH_SetLatency
                0x00000000080014bc       0x28 Src/main.o
 .text.LL_FLASH_GetLatency
                0x00000000080014e4       0x1c Src/main.o
 .text.LL_SYSTICK_SetClkSource
                0x0000000008001500       0x38 Src/main.o
 .text.LL_TIM_EnableCounter
                0x0000000008001538       0x20 Src/main.o
 .text.LL_TIM_CC_EnableChannel
                0x0000000008001558       0x22 Src/main.o
 *fill*         0x000000000800157a        0x2 
 .text.main     0x000000000800157c       0xcc Src/main.o
                0x000000000800157c                main
 .text.SystemClock_Config
                0x0000000008001648       0x74 Src/main.o
                0x0000000008001648                SystemClock_Config
 .text.process_serial_data
                0x00000000080016bc       0x48 Src/main.o
                0x00000000080016bc                process_serial_data
 .text.Error_Handler
                0x0000000008001704        0xe Src/main.o
                0x0000000008001704                Error_Handler
 .text.LL_TIM_OC_SetCompareCH1
                0x0000000008001712       0x1c Src/moves.o
 .text.LL_TIM_OC_SetCompareCH2
                0x000000000800172e       0x1c Src/moves.o
 .text.LL_TIM_OC_SetCompareCH3
                0x000000000800174a       0x1c Src/moves.o
 .text.LL_TIM_OC_SetCompareCH4
                0x0000000008001766       0x1c Src/moves.o
 *fill*         0x0000000008001782        0x2 
 .text.stand_up
                0x0000000008001784       0x6c Src/moves.o
                0x0000000008001784                stand_up
 .text.push_ups
                0x00000000080017f0       0x84 Src/moves.o
                0x00000000080017f0                push_ups
 .text.check    0x0000000008001874       0xac Src/moves.o
                0x0000000008001874                check
 .text.LL_USART_IsActiveFlag_RXNE
                0x0000000008001920       0x26 Src/stm32f3xx_it.o
 .text.LL_USART_ReceiveData8
                0x0000000008001946       0x1c Src/stm32f3xx_it.o
 .text.NMI_Handler
                0x0000000008001962        0xe Src/stm32f3xx_it.o
                0x0000000008001962                NMI_Handler
 .text.HardFault_Handler
                0x0000000008001970        0x6 Src/stm32f3xx_it.o
                0x0000000008001970                HardFault_Handler
 .text.MemManage_Handler
                0x0000000008001976        0x6 Src/stm32f3xx_it.o
                0x0000000008001976                MemManage_Handler
 .text.BusFault_Handler
                0x000000000800197c        0x6 Src/stm32f3xx_it.o
                0x000000000800197c                BusFault_Handler
 .text.UsageFault_Handler
                0x0000000008001982        0x6 Src/stm32f3xx_it.o
                0x0000000008001982                UsageFault_Handler
 .text.SVC_Handler
                0x0000000008001988        0xe Src/stm32f3xx_it.o
                0x0000000008001988                SVC_Handler
 .text.DebugMon_Handler
                0x0000000008001996        0xe Src/stm32f3xx_it.o
                0x0000000008001996                DebugMon_Handler
 .text.PendSV_Handler
                0x00000000080019a4        0xe Src/stm32f3xx_it.o
                0x00000000080019a4                PendSV_Handler
 .text.SysTick_Handler
                0x00000000080019b2        0xe Src/stm32f3xx_it.o
                0x00000000080019b2                SysTick_Handler
 .text.TIM2_IRQHandler
                0x00000000080019c0        0xe Src/stm32f3xx_it.o
                0x00000000080019c0                TIM2_IRQHandler
 .text.TIM3_IRQHandler
                0x00000000080019ce        0xe Src/stm32f3xx_it.o
                0x00000000080019ce                TIM3_IRQHandler
 .text.USART1_IRQHandler
                0x00000000080019dc       0x28 Src/stm32f3xx_it.o
                0x00000000080019dc                USART1_IRQHandler
 .text.SystemInit
                0x0000000008001a04       0x94 Src/system_stm32f3xx.o
                0x0000000008001a04                SystemInit
 .text.NVIC_GetPriorityGrouping
                0x0000000008001a98       0x1c Src/tim.o
 .text.NVIC_EnableIRQ
                0x0000000008001ab4       0x34 Src/tim.o
 .text.NVIC_SetPriority
                0x0000000008001ae8       0x54 Src/tim.o
 .text.NVIC_EncodePriority
                0x0000000008001b3c       0x66 Src/tim.o
 *fill*         0x0000000008001ba2        0x2 
 .text.LL_AHB1_GRP1_EnableClock
                0x0000000008001ba4       0x30 Src/tim.o
 .text.LL_APB1_GRP1_EnableClock
                0x0000000008001bd4       0x30 Src/tim.o
 .text.LL_TIM_DisableARRPreload
                0x0000000008001c04       0x20 Src/tim.o
 .text.LL_TIM_OC_DisableFast
                0x0000000008001c24       0x9c Src/tim.o
 .text.LL_TIM_OC_EnablePreload
                0x0000000008001cc0       0x9c Src/tim.o
 .text.LL_TIM_SetClockSource
                0x0000000008001d5c       0x2a Src/tim.o
 .text.LL_TIM_SetTriggerOutput
                0x0000000008001d86       0x26 Src/tim.o
 .text.LL_TIM_DisableMasterSlaveMode
                0x0000000008001dac       0x20 Src/tim.o
 .text.MX_TIM2_Init
                0x0000000008001dcc      0x1a2 Src/tim.o
                0x0000000008001dcc                MX_TIM2_Init
 *fill*         0x0000000008001f6e        0x2 
 .text.MX_TIM3_Init
                0x0000000008001f70      0x1ac Src/tim.o
                0x0000000008001f70                MX_TIM3_Init
 .text.NVIC_GetPriorityGrouping
                0x000000000800211c       0x1c Src/usart.o
 .text.NVIC_EnableIRQ
                0x0000000008002138       0x34 Src/usart.o
 .text.NVIC_SetPriority
                0x000000000800216c       0x54 Src/usart.o
 .text.NVIC_EncodePriority
                0x00000000080021c0       0x66 Src/usart.o
 *fill*         0x0000000008002226        0x2 
 .text.LL_AHB1_GRP1_EnableClock
                0x0000000008002228       0x30 Src/usart.o
 .text.LL_APB2_GRP1_EnableClock
                0x0000000008002258       0x30 Src/usart.o
 .text.LL_USART_Enable
                0x0000000008002288       0x20 Src/usart.o
 .text.LL_USART_ConfigAsyncMode
                0x00000000080022a8       0x2c Src/usart.o
 .text.LL_USART_EnableIT_RXNE
                0x00000000080022d4       0x20 Src/usart.o
 .text.LL_USART_DisableIT_CTS
                0x00000000080022f4       0x20 Src/usart.o
 .text.USART1_RegisterCallback
                0x0000000008002314       0x20 Src/usart.o
                0x0000000008002314                USART1_RegisterCallback
 .text.MX_USART1_UART_Init
                0x0000000008002334       0xd0 Src/usart.o
                0x0000000008002334                MX_USART1_UART_Init
 .text.rx_usart1
                0x0000000008002404       0x28 Src/usart.o
                0x0000000008002404                rx_usart1
 .text.Reset_Handler
                0x000000000800242c       0x50 Startup/startup_stm32f303k8tx.o
                0x000000000800242c                Reset_Handler
 .text.Default_Handler
                0x000000000800247c        0x2 Startup/startup_stm32f303k8tx.o
                0x000000000800247c                RTC_Alarm_IRQHandler
                0x000000000800247c                TIM1_CC_IRQHandler
                0x000000000800247c                PVD_IRQHandler
                0x000000000800247c                TAMP_STAMP_IRQHandler
                0x000000000800247c                EXTI3_IRQHandler
                0x000000000800247c                EXTI0_IRQHandler
                0x000000000800247c                FPU_IRQHandler
                0x000000000800247c                CAN_TX_IRQHandler
                0x000000000800247c                TIM1_UP_TIM16_IRQHandler
                0x000000000800247c                ADC1_2_IRQHandler
                0x000000000800247c                SPI1_IRQHandler
                0x000000000800247c                CAN_SCE_IRQHandler
                0x000000000800247c                DMA1_Channel4_IRQHandler
                0x000000000800247c                USART3_IRQHandler
                0x000000000800247c                DMA1_Channel7_IRQHandler
                0x000000000800247c                TIM7_DAC2_IRQHandler
                0x000000000800247c                CAN_RX1_IRQHandler
                0x000000000800247c                I2C1_EV_IRQHandler
                0x000000000800247c                DMA1_Channel6_IRQHandler
                0x000000000800247c                RCC_IRQHandler
                0x000000000800247c                DMA1_Channel1_IRQHandler
                0x000000000800247c                Default_Handler
                0x000000000800247c                EXTI15_10_IRQHandler
                0x000000000800247c                COMP2_IRQHandler
                0x000000000800247c                TIM6_DAC1_IRQHandler
                0x000000000800247c                EXTI9_5_IRQHandler
                0x000000000800247c                RTC_WKUP_IRQHandler
                0x000000000800247c                DMA1_Channel5_IRQHandler
                0x000000000800247c                EXTI4_IRQHandler
                0x000000000800247c                TIM1_TRG_COM_TIM17_IRQHandler
                0x000000000800247c                DMA1_Channel3_IRQHandler
                0x000000000800247c                WWDG_IRQHandler
                0x000000000800247c                EXTI1_IRQHandler
                0x000000000800247c                COMP4_6_IRQHandler
                0x000000000800247c                USART2_IRQHandler
                0x000000000800247c                DMA1_Channel2_IRQHandler
                0x000000000800247c                FLASH_IRQHandler
                0x000000000800247c                CAN_RX0_IRQHandler
                0x000000000800247c                I2C1_ER_IRQHandler
                0x000000000800247c                EXTI2_TSC_IRQHandler
                0x000000000800247c                TIM1_BRK_TIM15_IRQHandler
 *fill*         0x000000000800247e        0x2 
 .text.__libc_init_array
                0x0000000008002480       0x48 c:/st/stm32cubeide_1.0.2/stm32cubeide/plugins/com.st.stm32cube.ide.mcu.externaltools.gnu-tools-for-stm32.7-2018-q2-update.win32_1.0.0.201904181610/tools/bin/../lib/gcc/arm-none-eabi/7.3.1/../../../../arm-none-eabi/lib/thumb/v7e-m/fpv4-sp/hard\libc_nano.a(lib_a-init.o)
                0x0000000008002480                __libc_init_array
 .text.memset   0x00000000080024c8       0x10 c:/st/stm32cubeide_1.0.2/stm32cubeide/plugins/com.st.stm32cube.ide.mcu.externaltools.gnu-tools-for-stm32.7-2018-q2-update.win32_1.0.0.201904181610/tools/bin/../lib/gcc/arm-none-eabi/7.3.1/../../../../arm-none-eabi/lib/thumb/v7e-m/fpv4-sp/hard\libc_nano.a(lib_a-memset.o)
                0x00000000080024c8                memset
 *(.glue_7)
 .glue_7        0x00000000080024d8        0x0 linker stubs
 *(.glue_7t)
 .glue_7t       0x00000000080024d8        0x0 linker stubs
 *(.eh_frame)
 .eh_frame      0x00000000080024d8        0x0 c:/st/stm32cubeide_1.0.2/stm32cubeide/plugins/com.st.stm32cube.ide.mcu.externaltools.gnu-tools-for-stm32.7-2018-q2-update.win32_1.0.0.201904181610/tools/bin/../lib/gcc/arm-none-eabi/7.3.1/thumb/v7e-m/fpv4-sp/hard/crtbegin.o
 *(.init)
 .init          0x00000000080024d8        0x4 c:/st/stm32cubeide_1.0.2/stm32cubeide/plugins/com.st.stm32cube.ide.mcu.externaltools.gnu-tools-for-stm32.7-2018-q2-update.win32_1.0.0.201904181610/tools/bin/../lib/gcc/arm-none-eabi/7.3.1/thumb/v7e-m/fpv4-sp/hard/crti.o
                0x00000000080024d8                _init
 .init          0x00000000080024dc        0x8 c:/st/stm32cubeide_1.0.2/stm32cubeide/plugins/com.st.stm32cube.ide.mcu.externaltools.gnu-tools-for-stm32.7-2018-q2-update.win32_1.0.0.201904181610/tools/bin/../lib/gcc/arm-none-eabi/7.3.1/thumb/v7e-m/fpv4-sp/hard/crtn.o
 *(.fini)
 .fini          0x00000000080024e4        0x4 c:/st/stm32cubeide_1.0.2/stm32cubeide/plugins/com.st.stm32cube.ide.mcu.externaltools.gnu-tools-for-stm32.7-2018-q2-update.win32_1.0.0.201904181610/tools/bin/../lib/gcc/arm-none-eabi/7.3.1/thumb/v7e-m/fpv4-sp/hard/crti.o
                0x00000000080024e4                _fini
 .fini          0x00000000080024e8        0x8 c:/st/stm32cubeide_1.0.2/stm32cubeide/plugins/com.st.stm32cube.ide.mcu.externaltools.gnu-tools-for-stm32.7-2018-q2-update.win32_1.0.0.201904181610/tools/bin/../lib/gcc/arm-none-eabi/7.3.1/thumb/v7e-m/fpv4-sp/hard/crtn.o
                0x00000000080024f0                . = ALIGN (0x4)
                0x00000000080024f0                _etext = .

.vfp11_veneer   0x00000000080024f0        0x0
 .vfp11_veneer  0x00000000080024f0        0x0 linker stubs

.v4_bx          0x00000000080024f0        0x0
 .v4_bx         0x00000000080024f0        0x0 linker stubs

.iplt           0x00000000080024f0        0x0
 .iplt          0x00000000080024f0        0x0 c:/st/stm32cubeide_1.0.2/stm32cubeide/plugins/com.st.stm32cube.ide.mcu.externaltools.gnu-tools-for-stm32.7-2018-q2-update.win32_1.0.0.201904181610/tools/bin/../lib/gcc/arm-none-eabi/7.3.1/thumb/v7e-m/fpv4-sp/hard/crtbegin.o

.rodata         0x00000000080024f0       0x30
                0x00000000080024f0                . = ALIGN (0x4)
 *(.rodata)
 *(.rodata*)
 .rodata.AHBPrescTable
                0x00000000080024f0       0x10 Src/system_stm32f3xx.o
                0x00000000080024f0                AHBPrescTable
 .rodata.APBPrescTable
                0x0000000008002500        0x8 Src/system_stm32f3xx.o
                0x0000000008002500                APBPrescTable
 .rodata.OFFSET_TAB_CCMRx
                0x0000000008002508        0x9 Src/tim.o
 *fill*         0x0000000008002511        0x3 
 .rodata.SHIFT_TAB_OCxx
                0x0000000008002514        0x9 Src/tim.o
                0x0000000008002520                . = ALIGN (0x4)
 *fill*         0x000000000800251d        0x3 

.rel.dyn        0x0000000008002520        0x0
 .rel.iplt      0x0000000008002520        0x0 c:/st/stm32cubeide_1.0.2/stm32cubeide/plugins/com.st.stm32cube.ide.mcu.externaltools.gnu-tools-for-stm32.7-2018-q2-update.win32_1.0.0.201904181610/tools/bin/../lib/gcc/arm-none-eabi/7.3.1/thumb/v7e-m/fpv4-sp/hard/crtbegin.o

.ARM.extab      0x0000000008002520        0x0
                0x0000000008002520                . = ALIGN (0x4)
 *(.ARM.extab* .gnu.linkonce.armextab.*)
                0x0000000008002520                . = ALIGN (0x4)

.ARM            0x0000000008002520        0x0
                0x0000000008002520                . = ALIGN (0x4)
                0x0000000008002520                __exidx_start = .
 *(.ARM.exidx*)
                0x0000000008002520                __exidx_end = .
                0x0000000008002520                . = ALIGN (0x4)

.preinit_array  0x0000000008002520        0x0
                0x0000000008002520                . = ALIGN (0x4)
                0x0000000008002520                PROVIDE (__preinit_array_start = .)
 *(.preinit_array*)
                0x0000000008002520                PROVIDE (__preinit_array_end = .)
                0x0000000008002520                . = ALIGN (0x4)

.init_array     0x0000000008002520        0x4
                0x0000000008002520                . = ALIGN (0x4)
                0x0000000008002520                PROVIDE (__init_array_start = .)
 *(SORT_BY_NAME(.init_array.*))
 *(.init_array*)
 .init_array    0x0000000008002520        0x4 c:/st/stm32cubeide_1.0.2/stm32cubeide/plugins/com.st.stm32cube.ide.mcu.externaltools.gnu-tools-for-stm32.7-2018-q2-update.win32_1.0.0.201904181610/tools/bin/../lib/gcc/arm-none-eabi/7.3.1/thumb/v7e-m/fpv4-sp/hard/crtbegin.o
                0x0000000008002524                PROVIDE (__init_array_end = .)
                0x0000000008002524                . = ALIGN (0x4)

.fini_array     0x0000000008002524        0x4
                0x0000000008002524                . = ALIGN (0x4)
                [!provide]                        PROVIDE (__fini_array_start = .)
 *(SORT_BY_NAME(.fini_array.*))
 *(.fini_array*)
 .fini_array    0x0000000008002524        0x4 c:/st/stm32cubeide_1.0.2/stm32cubeide/plugins/com.st.stm32cube.ide.mcu.externaltools.gnu-tools-for-stm32.7-2018-q2-update.win32_1.0.0.201904181610/tools/bin/../lib/gcc/arm-none-eabi/7.3.1/thumb/v7e-m/fpv4-sp/hard/crtbegin.o
                [!provide]                        PROVIDE (__fini_array_end = .)
                0x0000000008002528                . = ALIGN (0x4)
                0x0000000008002528                _sidata = LOADADDR (.data)

.data           0x0000000020000000        0x8 load address 0x0000000008002528
                0x0000000020000000                . = ALIGN (0x4)
                0x0000000020000000                _sdata = .
 *(.data)
 *(.data*)
 .data.recived  0x0000000020000000        0x2 Src/main.o
                0x0000000020000000                recived
 .data.SERVO1   0x0000000020000002        0x2 Src/moves.o
                0x0000000020000002                SERVO1
 .data.SystemCoreClock
                0x0000000020000004        0x4 Src/system_stm32f3xx.o
                0x0000000020000004                SystemCoreClock
                0x0000000020000008                . = ALIGN (0x4)
                0x0000000020000008                _edata = .

.igot.plt       0x0000000020000008        0x0 load address 0x0000000008002530
 .igot.plt      0x0000000020000008        0x0 c:/st/stm32cubeide_1.0.2/stm32cubeide/plugins/com.st.stm32cube.ide.mcu.externaltools.gnu-tools-for-stm32.7-2018-q2-update.win32_1.0.0.201904181610/tools/bin/../lib/gcc/arm-none-eabi/7.3.1/thumb/v7e-m/fpv4-sp/hard/crtbegin.o
                0x0000000020000008                . = ALIGN (0x4)

.bss            0x0000000020000008       0x20 load address 0x0000000008002530
                0x0000000020000008                _sbss = .
                0x0000000020000008                __bss_start__ = _sbss
 *(.bss)
 .bss           0x0000000020000008       0x1c c:/st/stm32cubeide_1.0.2/stm32cubeide/plugins/com.st.stm32cube.ide.mcu.externaltools.gnu-tools-for-stm32.7-2018-q2-update.win32_1.0.0.201904181610/tools/bin/../lib/gcc/arm-none-eabi/7.3.1/thumb/v7e-m/fpv4-sp/hard/crtbegin.o
 *(.bss*)
 .bss.usart1_callback
                0x0000000020000024        0x4 Src/usart.o
 *(COMMON)
                0x0000000020000028                . = ALIGN (0x4)
                0x0000000020000028                _ebss = .
                0x0000000020000028                __bss_end__ = _ebss

._user_heap_stack
                0x0000000020000028      0x600 load address 0x0000000008002530
                0x0000000020000028                . = ALIGN (0x8)
                0x0000000020000028                PROVIDE (end = .)
                [!provide]                        PROVIDE (_end = .)
                0x0000000020000228                . = (. + _Min_Heap_Size)
 *fill*         0x0000000020000028      0x200 
                0x0000000020000628                . = (. + _Min_Stack_Size)
 *fill*         0x0000000020000228      0x400 
                0x0000000020000628                . = ALIGN (0x8)

/DISCARD/
 libc.a(*)
 libm.a(*)
 libgcc.a(*)

.ARM.attributes
                0x0000000000000000       0x30
 *(.ARM.attributes)
 .ARM.attributes
                0x0000000000000000       0x22 c:/st/stm32cubeide_1.0.2/stm32cubeide/plugins/com.st.stm32cube.ide.mcu.externaltools.gnu-tools-for-stm32.7-2018-q2-update.win32_1.0.0.201904181610/tools/bin/../lib/gcc/arm-none-eabi/7.3.1/thumb/v7e-m/fpv4-sp/hard/crti.o
 .ARM.attributes
                0x0000000000000022       0x34 c:/st/stm32cubeide_1.0.2/stm32cubeide/plugins/com.st.stm32cube.ide.mcu.externaltools.gnu-tools-for-stm32.7-2018-q2-update.win32_1.0.0.201904181610/tools/bin/../lib/gcc/arm-none-eabi/7.3.1/thumb/v7e-m/fpv4-sp/hard/crtbegin.o
 .ARM.attributes
                0x0000000000000056       0x39 Drivers/STM32F3xx_HAL_Driver/Src/stm32f3xx_ll_gpio.o
 .ARM.attributes
                0x000000000000008f       0x39 Drivers/STM32F3xx_HAL_Driver/Src/stm32f3xx_ll_rcc.o
 .ARM.attributes
                0x00000000000000c8       0x39 Drivers/STM32F3xx_HAL_Driver/Src/stm32f3xx_ll_tim.o
 .ARM.attributes
                0x0000000000000101       0x39 Drivers/STM32F3xx_HAL_Driver/Src/stm32f3xx_ll_usart.o
 .ARM.attributes
                0x000000000000013a       0x39 Drivers/STM32F3xx_HAL_Driver/Src/stm32f3xx_ll_utils.o
 .ARM.attributes
                0x0000000000000173       0x39 Src/gpio.o
 .ARM.attributes
                0x00000000000001ac       0x39 Src/main.o
 .ARM.attributes
                0x00000000000001e5       0x39 Src/moves.o
 .ARM.attributes
                0x000000000000021e       0x39 Src/stm32f3xx_it.o
 .ARM.attributes
                0x0000000000000257       0x39 Src/system_stm32f3xx.o
 .ARM.attributes
                0x0000000000000290       0x39 Src/tim.o
 .ARM.attributes
                0x00000000000002c9       0x39 Src/usart.o
 .ARM.attributes
                0x0000000000000302       0x21 Startup/startup_stm32f303k8tx.o
 .ARM.attributes
                0x0000000000000323       0x34 c:/st/stm32cubeide_1.0.2/stm32cubeide/plugins/com.st.stm32cube.ide.mcu.externaltools.gnu-tools-for-stm32.7-2018-q2-update.win32_1.0.0.201904181610/tools/bin/../lib/gcc/arm-none-eabi/7.3.1/../../../../arm-none-eabi/lib/thumb/v7e-m/fpv4-sp/hard\libc_nano.a(lib_a-init.o)
 .ARM.attributes
                0x0000000000000357       0x34 c:/st/stm32cubeide_1.0.2/stm32cubeide/plugins/com.st.stm32cube.ide.mcu.externaltools.gnu-tools-for-stm32.7-2018-q2-update.win32_1.0.0.201904181610/tools/bin/../lib/gcc/arm-none-eabi/7.3.1/../../../../arm-none-eabi/lib/thumb/v7e-m/fpv4-sp/hard\libc_nano.a(lib_a-memset.o)
 .ARM.attributes
                0x000000000000038b       0x22 c:/st/stm32cubeide_1.0.2/stm32cubeide/plugins/com.st.stm32cube.ide.mcu.externaltools.gnu-tools-for-stm32.7-2018-q2-update.win32_1.0.0.201904181610/tools/bin/../lib/gcc/arm-none-eabi/7.3.1/thumb/v7e-m/fpv4-sp/hard/crtn.o
OUTPUT(CheetahRobot.elf elf32-littlearm)

.debug_info     0x0000000000000000     0x5d96
 .debug_info    0x0000000000000000      0x7e2 Drivers/STM32F3xx_HAL_Driver/Src/stm32f3xx_ll_gpio.o
 .debug_info    0x00000000000007e2      0x704 Drivers/STM32F3xx_HAL_Driver/Src/stm32f3xx_ll_rcc.o
 .debug_info    0x0000000000000ee6      0xf9f Drivers/STM32F3xx_HAL_Driver/Src/stm32f3xx_ll_tim.o
 .debug_info    0x0000000000001e85      0x6be Drivers/STM32F3xx_HAL_Driver/Src/stm32f3xx_ll_usart.o
 .debug_info    0x0000000000002543      0x818 Drivers/STM32F3xx_HAL_Driver/Src/stm32f3xx_ll_utils.o
 .debug_info    0x0000000000002d5b      0x2a8 Src/gpio.o
 .debug_info    0x0000000000003003      0x94a Src/main.o
 .debug_info    0x000000000000394d      0x424 Src/moves.o
 .debug_info    0x0000000000003d71      0x3c0 Src/stm32f3xx_it.o
 .debug_info    0x0000000000004131      0x400 Src/system_stm32f3xx.o
 .debug_info    0x0000000000004531      0xcef Src/tim.o
 .debug_info    0x0000000000005220      0xb54 Src/usart.o
 .debug_info    0x0000000000005d74       0x22 Startup/startup_stm32f303k8tx.o

.debug_abbrev   0x0000000000000000     0x14f3
 .debug_abbrev  0x0000000000000000      0x212 Drivers/STM32F3xx_HAL_Driver/Src/stm32f3xx_ll_gpio.o
 .debug_abbrev  0x0000000000000212      0x238 Drivers/STM32F3xx_HAL_Driver/Src/stm32f3xx_ll_rcc.o
 .debug_abbrev  0x000000000000044a      0x1ff Drivers/STM32F3xx_HAL_Driver/Src/stm32f3xx_ll_tim.o
 .debug_abbrev  0x0000000000000649      0x1b1 Drivers/STM32F3xx_HAL_Driver/Src/stm32f3xx_ll_usart.o
 .debug_abbrev  0x00000000000007fa      0x266 Drivers/STM32F3xx_HAL_Driver/Src/stm32f3xx_ll_utils.o
 .debug_abbrev  0x0000000000000a60      0x10f Src/gpio.o
 .debug_abbrev  0x0000000000000b6f      0x1e2 Src/main.o
 .debug_abbrev  0x0000000000000d51      0x132 Src/moves.o
 .debug_abbrev  0x0000000000000e83      0x15e Src/stm32f3xx_it.o
 .debug_abbrev  0x0000000000000fe1      0x111 Src/system_stm32f3xx.o
 .debug_abbrev  0x00000000000010f2      0x1d0 Src/tim.o
 .debug_abbrev  0x00000000000012c2      0x21f Src/usart.o
 .debug_abbrev  0x00000000000014e1       0x12 Startup/startup_stm32f303k8tx.o

.debug_aranges  0x0000000000000000      0x748
 .debug_aranges
                0x0000000000000000       0x70 Drivers/STM32F3xx_HAL_Driver/Src/stm32f3xx_ll_gpio.o
 .debug_aranges
                0x0000000000000070      0x100 Drivers/STM32F3xx_HAL_Driver/Src/stm32f3xx_ll_rcc.o
 .debug_aranges
                0x0000000000000170      0x148 Drivers/STM32F3xx_HAL_Driver/Src/stm32f3xx_ll_tim.o
 .debug_aranges
                0x00000000000002b8       0x88 Drivers/STM32F3xx_HAL_Driver/Src/stm32f3xx_ll_usart.o
 .debug_aranges
                0x0000000000000340       0xf0 Drivers/STM32F3xx_HAL_Driver/Src/stm32f3xx_ll_utils.o
 .debug_aranges
                0x0000000000000430       0x28 Src/gpio.o
 .debug_aranges
                0x0000000000000458       0xc0 Src/main.o
 .debug_aranges
                0x0000000000000518       0x50 Src/moves.o
 .debug_aranges
                0x0000000000000568       0x88 Src/stm32f3xx_it.o
 .debug_aranges
                0x00000000000005f0       0x28 Src/system_stm32f3xx.o
 .debug_aranges
                0x0000000000000618       0x88 Src/tim.o
 .debug_aranges
                0x00000000000006a0       0x80 Src/usart.o
 .debug_aranges
                0x0000000000000720       0x28 Startup/startup_stm32f303k8tx.o

.debug_ranges   0x0000000000000000      0x680
 .debug_ranges  0x0000000000000000       0x60 Drivers/STM32F3xx_HAL_Driver/Src/stm32f3xx_ll_gpio.o
 .debug_ranges  0x0000000000000060       0xf0 Drivers/STM32F3xx_HAL_Driver/Src/stm32f3xx_ll_rcc.o
 .debug_ranges  0x0000000000000150      0x138 Drivers/STM32F3xx_HAL_Driver/Src/stm32f3xx_ll_tim.o
 .debug_ranges  0x0000000000000288       0x78 Drivers/STM32F3xx_HAL_Driver/Src/stm32f3xx_ll_usart.o
 .debug_ranges  0x0000000000000300       0xe0 Drivers/STM32F3xx_HAL_Driver/Src/stm32f3xx_ll_utils.o
 .debug_ranges  0x00000000000003e0       0x18 Src/gpio.o
 .debug_ranges  0x00000000000003f8       0xb0 Src/main.o
 .debug_ranges  0x00000000000004a8       0x40 Src/moves.o
 .debug_ranges  0x00000000000004e8       0x78 Src/stm32f3xx_it.o
 .debug_ranges  0x0000000000000560       0x18 Src/system_stm32f3xx.o
 .debug_ranges  0x0000000000000578       0x78 Src/tim.o
 .debug_ranges  0x00000000000005f0       0x70 Src/usart.o
 .debug_ranges  0x0000000000000660       0x20 Startup/startup_stm32f303k8tx.o

.debug_macro    0x0000000000000000     0x3814
 .debug_macro   0x0000000000000000      0x10c Drivers/STM32F3xx_HAL_Driver/Src/stm32f3xx_ll_gpio.o
 .debug_macro   0x000000000000010c      0x149 Drivers/STM32F3xx_HAL_Driver/Src/stm32f3xx_ll_gpio.o
 .debug_macro   0x0000000000000255       0xff Drivers/STM32F3xx_HAL_Driver/Src/stm32f3xx_ll_rcc.o
 .debug_macro   0x0000000000000354      0x4b5 Drivers/STM32F3xx_HAL_Driver/Src/stm32f3xx_ll_rcc.o
 .debug_macro   0x0000000000000809      0x179 Drivers/STM32F3xx_HAL_Driver/Src/stm32f3xx_ll_tim.o
 .debug_macro   0x0000000000000982      0x800 Drivers/STM32F3xx_HAL_Driver/Src/stm32f3xx_ll_tim.o
 .debug_macro   0x0000000000001182      0x13f Drivers/STM32F3xx_HAL_Driver/Src/stm32f3xx_ll_usart.o
 .debug_macro   0x00000000000012c1      0x2f1 Drivers/STM32F3xx_HAL_Driver/Src/stm32f3xx_ll_usart.o
 .debug_macro   0x00000000000015b2      0x4bb Drivers/STM32F3xx_HAL_Driver/Src/stm32f3xx_ll_usart.o
 .debug_macro   0x0000000000001a6d      0x14a Drivers/STM32F3xx_HAL_Driver/Src/stm32f3xx_ll_utils.o
 .debug_macro   0x0000000000001bb7       0x30 Drivers/STM32F3xx_HAL_Driver/Src/stm32f3xx_ll_utils.o
 .debug_macro   0x0000000000001be7      0x2a5 Drivers/STM32F3xx_HAL_Driver/Src/stm32f3xx_ll_utils.o
 .debug_macro   0x0000000000001e8c       0xaf Drivers/STM32F3xx_HAL_Driver/Src/stm32f3xx_ll_utils.o
 .debug_macro   0x0000000000001f3b      0x14c Src/gpio.o
 .debug_macro   0x0000000000002087      0x102 Src/gpio.o
 .debug_macro   0x0000000000002189       0x28 Src/gpio.o
 .debug_macro   0x00000000000021b1      0x287 Src/gpio.o
 .debug_macro   0x0000000000002438      0x806 Src/gpio.o
 .debug_macro   0x0000000000002c3e      0x2f7 Src/gpio.o
 .debug_macro   0x0000000000002f35      0x14f Src/gpio.o
 .debug_macro   0x0000000000003084       0x22 Src/gpio.o
 .debug_macro   0x00000000000030a6      0x16e Src/main.o
 .debug_macro   0x0000000000003214      0x14c Src/moves.o
 .debug_macro   0x0000000000003360      0x14c Src/stm32f3xx_it.o
 .debug_macro   0x00000000000034ac       0xd0 Src/system_stm32f3xx.o
 .debug_macro   0x000000000000357c      0x14c Src/tim.o
 .debug_macro   0x00000000000036c8      0x14c Src/usart.o

.debug_line     0x0000000000000000     0x524b
 .debug_line    0x0000000000000000      0x670 Drivers/STM32F3xx_HAL_Driver/Src/stm32f3xx_ll_gpio.o
 .debug_line    0x0000000000000670      0x74b Drivers/STM32F3xx_HAL_Driver/Src/stm32f3xx_ll_rcc.o
 .debug_line    0x0000000000000dbb      0x97d Drivers/STM32F3xx_HAL_Driver/Src/stm32f3xx_ll_tim.o
 .debug_line    0x0000000000001738      0x621 Drivers/STM32F3xx_HAL_Driver/Src/stm32f3xx_ll_usart.o
 .debug_line    0x0000000000001d59      0x764 Drivers/STM32F3xx_HAL_Driver/Src/stm32f3xx_ll_utils.o
 .debug_line    0x00000000000024bd      0x59f Src/gpio.o
 .debug_line    0x0000000000002a5c      0x792 Src/main.o
 .debug_line    0x00000000000031ee      0x619 Src/moves.o
 .debug_line    0x0000000000003807      0x6a1 Src/stm32f3xx_it.o
 .debug_line    0x0000000000003ea8      0x48a Src/system_stm32f3xx.o
 .debug_line    0x0000000000004332      0x7de Src/tim.o
 .debug_line    0x0000000000004b10      0x6ba Src/usart.o
 .debug_line    0x00000000000051ca       0x81 Startup/startup_stm32f303k8tx.o

.debug_str      0x0000000000000000    0x7339f
 .debug_str     0x0000000000000000    0x64684 Drivers/STM32F3xx_HAL_Driver/Src/stm32f3xx_ll_gpio.o
                                      0x64829 (size before relaxing)
 .debug_str     0x0000000000064684     0x27eb Drivers/STM32F3xx_HAL_Driver/Src/stm32f3xx_ll_rcc.o
                                      0x65c53 (size before relaxing)
 .debug_str     0x0000000000066e6f     0x5cce Drivers/STM32F3xx_HAL_Driver/Src/stm32f3xx_ll_tim.o
                                      0x69745 (size before relaxing)
 .debug_str     0x000000000006cb3d     0x19e7 Drivers/STM32F3xx_HAL_Driver/Src/stm32f3xx_ll_usart.o
                                      0x67767 (size before relaxing)
 .debug_str     0x000000000006e524     0x2d33 Drivers/STM32F3xx_HAL_Driver/Src/stm32f3xx_ll_utils.o
                                      0x684c3 (size before relaxing)
 .debug_str     0x0000000000071257     0x190b Src/gpio.o
                                      0x6ed68 (size before relaxing)
 .debug_str     0x0000000000072b62      0x1c2 Src/main.o
                                      0x6f0b4 (size before relaxing)
 .debug_str     0x0000000000072d24       0x2e Src/moves.o
                                      0x6eddc (size before relaxing)
 .debug_str     0x0000000000072d52      0x125 Src/stm32f3xx_it.o
                                      0x6ee34 (size before relaxing)
 .debug_str     0x0000000000072e77       0x64 Src/system_stm32f3xx.o
                                      0x634cf (size before relaxing)
 .debug_str     0x0000000000072edb      0x409 Src/tim.o
                                      0x6f47e (size before relaxing)
 .debug_str     0x00000000000732e4       0x8a Src/usart.o
                                      0x6f3af (size before relaxing)
 .debug_str     0x000000000007336e       0x31 Startup/startup_stm32f303k8tx.o
                                         0x70 (size before relaxing)

.comment        0x0000000000000000       0x7b
 .comment       0x0000000000000000       0x7b Drivers/STM32F3xx_HAL_Driver/Src/stm32f3xx_ll_gpio.o
                                         0x7c (size before relaxing)
 .comment       0x000000000000007b       0x7c Drivers/STM32F3xx_HAL_Driver/Src/stm32f3xx_ll_rcc.o
 .comment       0x000000000000007b       0x7c Drivers/STM32F3xx_HAL_Driver/Src/stm32f3xx_ll_tim.o
 .comment       0x000000000000007b       0x7c Drivers/STM32F3xx_HAL_Driver/Src/stm32f3xx_ll_usart.o
 .comment       0x000000000000007b       0x7c Drivers/STM32F3xx_HAL_Driver/Src/stm32f3xx_ll_utils.o
 .comment       0x000000000000007b       0x7c Src/gpio.o
 .comment       0x000000000000007b       0x7c Src/main.o
 .comment       0x000000000000007b       0x7c Src/moves.o
 .comment       0x000000000000007b       0x7c Src/stm32f3xx_it.o
 .comment       0x000000000000007b       0x7c Src/system_stm32f3xx.o
 .comment       0x000000000000007b       0x7c Src/tim.o
 .comment       0x000000000000007b       0x7c Src/usart.o

.debug_frame    0x0000000000000000     0x1cbc
 .debug_frame   0x0000000000000000      0x1c0 Drivers/STM32F3xx_HAL_Driver/Src/stm32f3xx_ll_gpio.o
 .debug_frame   0x00000000000001c0      0x408 Drivers/STM32F3xx_HAL_Driver/Src/stm32f3xx_ll_rcc.o
 .debug_frame   0x00000000000005c8      0x5d0 Drivers/STM32F3xx_HAL_Driver/Src/stm32f3xx_ll_tim.o
 .debug_frame   0x0000000000000b98      0x238 Drivers/STM32F3xx_HAL_Driver/Src/stm32f3xx_ll_usart.o
 .debug_frame   0x0000000000000dd0      0x3dc Drivers/STM32F3xx_HAL_Driver/Src/stm32f3xx_ll_utils.o
 .debug_frame   0x00000000000011ac       0x54 Src/gpio.o
 .debug_frame   0x0000000000001200      0x318 Src/main.o
 .debug_frame   0x0000000000001518      0x104 Src/moves.o
 .debug_frame   0x000000000000161c      0x1bc Src/stm32f3xx_it.o
 .debug_frame   0x00000000000017d8       0x58 Src/system_stm32f3xx.o
 .debug_frame   0x0000000000001830      0x238 Src/tim.o
 .debug_frame   0x0000000000001a68      0x208 Src/usart.o
 .debug_frame   0x0000000000001c70       0x2c c:/st/stm32cubeide_1.0.2/stm32cubeide/plugins/com.st.stm32cube.ide.mcu.externaltools.gnu-tools-for-stm32.7-2018-q2-update.win32_1.0.0.201904181610/tools/bin/../lib/gcc/arm-none-eabi/7.3.1/../../../../arm-none-eabi/lib/thumb/v7e-m/fpv4-sp/hard\libc_nano.a(lib_a-init.o)
 .debug_frame   0x0000000000001c9c       0x20 c:/st/stm32cubeide_1.0.2/stm32cubeide/plugins/com.st.stm32cube.ide.mcu.externaltools.gnu-tools-for-stm32.7-2018-q2-update.win32_1.0.0.201904181610/tools/bin/../lib/gcc/arm-none-eabi/7.3.1/../../../../arm-none-eabi/lib/thumb/v7e-m/fpv4-sp/hard\libc_nano.a(lib_a-memset.o)
