core_cm4.h:1596:22:NVIC_SetPriorityGrouping	24	static
stm32f3xx_ll_rcc.h:1097:22:LL_RCC_HSI_Enable	4	static
stm32f3xx_ll_rcc.h:1117:26:LL_RCC_HSI_IsReady	4	static
stm32f3xx_ll_rcc.h:1143:22:LL_RCC_HSI_SetCalibTrimming	16	static
stm32f3xx_ll_rcc.h:1301:22:LL_RCC_SetSysClkSource	16	static
stm32f3xx_ll_rcc.h:1314:26:LL_RCC_GetSysClkSource	4	static
stm32f3xx_ll_rcc.h:1334:22:LL_RCC_SetAHBPrescaler	16	static
stm32f3xx_ll_rcc.h:1350:22:LL_RCC_SetAPB1Prescaler	16	static
stm32f3xx_ll_rcc.h:1366:22:LL_RCC_SetAPB2Prescaler	16	static
stm32f3xx_ll_rcc.h:1501:22:LL_RCC_SetUSARTClockSource	16	static
stm32f3xx_ll_bus.h:553:22:LL_APB1_GRP1_EnableClock	24	static
stm32f3xx_ll_bus.h:867:22:LL_APB2_GRP1_EnableClock	24	static
stm32f3xx_ll_system.h:1634:22:LL_FLASH_SetLatency	16	static
stm32f3xx_ll_system.h:1647:26:LL_FLASH_GetLatency	4	static
stm32f3xx_ll_cortex.h:260:22:LL_SYSTICK_SetClkSource	16	static
stm32f3xx_ll_tim.h:1368:22:LL_TIM_EnableCounter	16	static
stm32f3xx_ll_tim.h:1873:22:LL_TIM_CC_EnableChannel	16	static
stm32f3xx_ll_tim.h:2605:22:LL_TIM_OC_SetCompareCH1	16	static
stm32f3xx_ll_tim.h:2622:22:LL_TIM_OC_SetCompareCH2	16	static
stm32f3xx_ll_tim.h:2639:22:LL_TIM_OC_SetCompareCH3	16	static
stm32f3xx_ll_tim.h:2656:22:LL_TIM_OC_SetCompareCH4	16	static
main.c:73:5:main	8	static
main.c:166:6:SystemClock_Config	8	static
main.c:199:6:process_serial_data	16	static
main.c:223:6:push_ups	8	static
main.c:248:6:stand_up	8	static
main.c:261:6:check	8	static
main.c:289:6:Error_Handler	4	static
