stm32f3xx_ll_tim.h:2605:22:LL_TIM_OC_SetCompareCH1	16	static
stm32f3xx_ll_tim.h:2622:22:LL_TIM_OC_SetCompareCH2	16	static
stm32f3xx_ll_tim.h:2639:22:LL_TIM_OC_SetCompareCH3	16	static
stm32f3xx_ll_tim.h:2656:22:LL_TIM_OC_SetCompareCH4	16	static
moves.c:20:6:stand_up	8	static
moves.c:37:6:push_ups	8	static
moves.c:54:6:check	8	static
moves.c:76:6:sit	8	static
moves.c:91:6:lay	8	static
moves.c:105:6:hello	8	static
moves.c:117:6:sit_inv	8	static
moves.c:131:6:right_walk	8	static
moves.c:185:6:left_walk	8	static
moves.c:232:6:walk	8	static
moves.c:289:6:back_walk	8	static
moves.c:343:6:test_back	8	static
moves.c:405:6:test	8	static
moves.c:468:6:sleep	8	static
moves.c:484:6:dance	8	static
