stm32f3xx_ll_tim.h:2605:22:LL_TIM_OC_SetCompareCH1	16	static
stm32f3xx_ll_tim.h:2622:22:LL_TIM_OC_SetCompareCH2	16	static
stm32f3xx_ll_tim.h:2639:22:LL_TIM_OC_SetCompareCH3	16	static
stm32f3xx_ll_tim.h:2656:22:LL_TIM_OC_SetCompareCH4	16	static
moves.c:5:6:stand_up	8	static
moves.c:22:6:push_ups	8	static
moves.c:38:6:check	8	static
moves.c:60:6:sit	8	static
moves.c:73:6:lay	8	static
moves.c:87:6:hello	8	static
moves.c:97:6:sit_inv	8	static
moves.c:111:6:walk	8	static
moves.c:166:6:back_walk	8	static
moves.c:221:6:right_walk	8	static
moves.c:276:6:left_walk	8	static
moves.c:323:6:walk2	8	static
moves.c:379:6:test	8	static
moves.c:442:6:sleep	8	static
